manifests should match snapshot:
  1: |
    apiVersion: hco.kubevirt.io/v1beta1
    kind: HyperConverged
    metadata:
      name: kubevirt-hyperconverged
      namespace: openshift-cnv
    spec:
      evictionStrategy: LiveMigrate
      higherWorkloadDensity:
        memoryOvercommitPercentage: 100
      infra: {}
      liveMigrationConfig:
        allowAutoConverge: false
        allowPostCopy: false
        completionTimeoutPerGiB: 800
        network: vmlm
        parallelMigrationsPerCluster: 5
        parallelOutboundMigrationsPerNode: 2
        progressTimeout: 150
      virtualMachineOptions:
        disableFreePageReporting: false
        disableSerialConsoleLog: true
      workloads: {}
