manifests should match snapshot:
  1: |
    apiVersion: policy.open-cluster-management.io/v1beta1
    kind: OperatorPolicy
    metadata:
      labels:
        app.kubernetes.io/instance: cert-manager-operator
        app.kubernetes.io/managed-by: Helm
        app.kubernetes.io/name: acm-operatorpolicy
        app.kubernetes.io/version: v1beta1
        helm.sh/chart: acm-operatorpolicy-1.1.0
      name: cert-manager-operator-acm-operatorpolicy
      namespace: open-cluster-management-policies
    spec:
      complianceConfig:
        catalogSourceUnhealthy: Compliant
        deploymentsUnavailable: NonCompliant
        upgradesAvailable: Compliant
      complianceType: musthave
      remediationAction: enforce
      removalBehavior:
        clusterServiceVersions: Delete
        customResourceDefinitions: Keep
        operatorGroups: DeleteIfUnused
        subscriptions: Delete
      severity: medium
      subscription:
        channel: stable-v1
        name: openshift-cert-manager-operator
        source: redhat-operators
        sourceNamespace: openshift-marketplace
        startingCSV: cert-manager-operator.v1.15.1
      upgradeApproval: Automatic
      versions:
        - cert-manager-operator.v1.15.1
