manifests should match snapshot:
  1: |
    apiVersion: policy.open-cluster-management.io/v1beta1
    kind: OperatorPolicy
    metadata:
      labels:
        app.kubernetes.io/instance: opentelementry-operator
        app.kubernetes.io/managed-by: Helm
        app.kubernetes.io/name: acm-operatorpolicy
        app.kubernetes.io/version: v1beta1
        helm.sh/chart: acm-operatorpolicy-1.1.0
      name: opentelementry-operator-acm-operatorpolicy
      namespace: open-cluster-management-policies
    spec:
      complianceConfig:
        catalogSourceUnhealthy: Compliant
        deploymentsUnavailable: NonCompliant
        upgradesAvailable: Compliant
      complianceType: musthave
      remediationAction: enforce
      removalBehavior:
        clusterServiceVersions: Delete
        customResourceDefinitions: Keep
        operatorGroups: DeleteIfUnused
        subscriptions: Delete
      severity: medium
      subscription:
        channel: stable
        name: opentelemetry-product
        source: redhat-operators
        sourceNamespace: openshift-marketplace
        startingCSV: opentelemetry-operator.v0.119.0-1
      upgradeApproval: None
      versions:
        - opentelemetry-operator.v0.119.0-1
        - opentelemetry-operator.v0.119.0-2
