manifest should match snapshot:
  1: |
    data:
      adIntegration:
        ldap:
          attributes:
            bindDN: cn=svc-global,dc=global,dc=com
            email:
              - mail-global
            id:
              - sAMAccountName-global
            insecure: false
            name:
              - cn-global
            preferredUsername:
              - sAMAccountName-global
            url: ldaps://ad-global.example.com/dc=global,dc=com
        mappingMethod: claim
        name: AD Login global
        type: LDAP
      caCertificates:
        global.crt: |
          -----BEGIN CERTIFICATE-----
          global
          -----END CERTIFICATE-----
        override.crt: |
          -----BEGIN CERTIFICATE-----
          global
          -----END CERTIFICATE-----
      caCertificatesBundle: |
        -----BEGIN CERTIFICATE-----
        global
        -----END CERTIFICATE-----
        -----BEGIN CERTIFICATE-----
        global
        -----END CERTIFICATE-----
      caCertificatesBundleB64: LS0tLS1CRUdJTiBDRVJUSUZJQ0FURS0tLS0tCmdsb2JhbAotLS0tLUVORCBDRVJUSUZJQ0FURS0tLS0tCi0tLS0tQkVHSU4gQ0VSVElGSUNBVEUtLS0tLQpnbG9iYWwKLS0tLS1FTkQgQ0VSVElGSUNBVEUtLS0tLQ==
      caCertificatesBundleB64Safe: LS0tLS1CRUdJTiBDRVJUSUZJQ0FURS0tLS0tCmdsb2JhbAotLS0tLUVORCBDRVJUSUZJQ0FURS0tLS0tCi0tLS0tQkVHSU4gQ0VSVElGSUNBVEUtLS0tLQpnbG9iYWwKLS0tLS1FTkQgQ0VSVElGSUNBVEUtLS0tLQo=
      caCertificatesExtracted: ""
      caCertificatesMerged:
        global.crt: |
          -----BEGIN CERTIFICATE-----
          global
          -----END CERTIFICATE-----
        override.crt: |
          -----BEGIN CERTIFICATE-----
          global
          -----END CERTIFICATE-----
      chronyConfig: |-
        server ntp-global iburst
        driftfile /var/lib/chrony/drift
        makestep 1.0 3
        rtcsync
        logdir /var/log/chrony
      chronyConfigBase64: c2VydmVyIG50cC1nbG9iYWwgaWJ1cnN0CmRyaWZ0ZmlsZSAvdmFyL2xpYi9jaHJvbnkvZHJpZnQKbWFrZXN0ZXAgMS4wIDMKcnRjc3luYwpsb2dkaXIgL3Zhci9sb2cvY2hyb255Cg==
      clusterAcmName: clusterAcmName-global
      clusterApiURL: clusterApiURL-global
      clusterApiVersions:
        - clusterApiVersions-global
      clusterAppsDomain: clusterAppsDomain-global
      clusterBaseDomain: clusterBaseDomain-global
      clusterIsHub: true
      clusterKubeVersion: clusterKubeVersion-global
      clusterName: clusterName-global
      clusterRootDomain: clusterRootDomain-global
      clusterRunsApps: true
      clusterServices:
        global:
          url: clusterServicesGlobalUrl-global
        override:
          url: clusterServicesOverrideUrl-global
      clusterServicesExtracted: clusterServicesOverrideUrl-global
      clusterServicesMerged:
        global:
          url: clusterServicesGlobalUrl-global
        override:
          url: clusterServicesOverrideUrl-global
      clusterType: clusterType-global
      customer: customer-global
      environment: environment-global
      environmentShort: environmentShort-global
      imageProxyHost: global.example.com
      imageProxySources:
        - quay.io-global
        - docker.io-global
      ldapIntegration:
        ldap:
          attributes:
            bindDN: cn=svc-global,dc=global,dc=com
            email:
              - mail-global
            id:
              - dn-global
            insecure: false
            name:
              - cn-global
            preferredUsername:
              - uid-global
            url: ldaps://ldap-global.example.com/dc=global,dc=com
        mappingMethod: claim
        name: LDAP Login global
        type: LDAP
      noProxy: noProxy-global
      ntpServers:
        - ntp-global
      ntpServersArray:
        - ntp-global
      proxy: proxy-global
      proxyCIDRs:
        - proxyIP-global
      proxyCIDRsArray:
        - IP: proxyIP-global
      repoTargetRevision: repoTargetRevision-global
      repoURL: repoURL-global
      services:
        certManager:
          defaultClusterIssuer: certManagerDefaultClusterIssuer-global
        crossplane:
          kubeKeycloakProviderConfigName: crossplaneKubeKeycloakProviderConfigName-global
          kubeVaultProviderConfigName: crossplaneKubeVaultProviderConfigName-global
        externalSecretsOperator:
          defaultClusterSecretStore: ESODefaultClusterSecretStore-global
        global:
          url: servicesGlobalUrl-global
        keycloak:
          realm: keycloakName-global
          url: keycloakUrl-global
        metallb:
          l2interface: metallbL2Interface-global
          namespace: metallbNamespace-global
        quay:
          host: quayHost-global
        vault:
          KVmountPlatform: vaultKVmountPlatform-global
          kubeAuthMountPath: vaultKubeAuthMountPath-global
          name: vaultName-global
          url: vaultUrl-global
      servicesExtracted:
        certManager:
          defaultClusterIssuer: certManagerDefaultClusterIssuer-global
        crossplane:
          kubeKeycloakProviderConfigName: crossplaneKubeKeycloakProviderConfigName-global
          kubeVaultProviderConfigName: crossplaneKubeVaultProviderConfigName-global
        externalSecretsOperator:
          defaultClusterSecretStore: ESODefaultClusterSecretStore-global
        keycloak:
          realm: keycloakName-global
          url: keycloakUrl-global
        metallb:
          l2interface: metallbL2Interface-global
          namespace: metallbNamespace-global
        quay:
          host: quayHost-global
        vault:
          KVmountPlatform: vaultKVmountPlatform-global
          kubeAuthMountPath: vaultKubeAuthMountPath-global
          name: vaultName-global
          url: vaultUrl-global
      servicesMerged:
        certManager:
          defaultClusterIssuer: certManagerDefaultClusterIssuer-global
        crossplane:
          kubeKeycloakProviderConfigName: crossplaneKubeKeycloakProviderConfigName-global
          kubeVaultProviderConfigName: crossplaneKubeVaultProviderConfigName-global
        externalSecretsOperator:
          defaultClusterSecretStore: ESODefaultClusterSecretStore-global
        global:
          url: servicesGlobalUrl-global
        keycloak:
          realm: keycloakName-global
          url: keycloakUrl-global
        metallb:
          l2interface: metallbL2Interface-global
          namespace: metallbNamespace-global
        quay:
          host: quayHost-global
        vault:
          KVmountPlatform: vaultKVmountPlatform-global
          kubeAuthMountPath: vaultKubeAuthMountPath-global
          name: vaultName-global
          url: vaultUrl-global
      sshAuthorizedKeys: ssh-ed25519 AAAA global-key
