manifest should match snapshot:
  1: |
    data:
      caCertificates:
        global.crt: |
          -----BEGIN CERTIFICATE-----
          global
          -----END CERTIFICATE-----
        override.crt: |
          -----BEGIN CERTIFICATE-----
          global
          -----END CERTIFICATE-----
      caCertificatesBundle: |
        -----BEGIN CERTIFICATE-----
        global
        -----END CERTIFICATE-----
        -----BEGIN CERTIFICATE-----
        global
        -----END CERTIFICATE-----
      caCertificatesBundleB64: LS0tLS1CRUdJTiBDRVJUSUZJQ0FURS0tLS0tCmdsb2JhbAotLS0tLUVORCBDRVJUSUZJQ0FURS0tLS0tCi0tLS0tQkVHSU4gQ0VSVElGSUNBVEUtLS0tLQpnbG9iYWwKLS0tLS1FTkQgQ0VSVElGSUNBVEUtLS0tLQ==
      caCertificatesBundleB64Safe: LS0tLS1CRUdJTiBDRVJUSUZJQ0FURS0tLS0tCmdsb2JhbAotLS0tLUVORCBDRVJUSUZJQ0FURS0tLS0tCi0tLS0tQkVHSU4gQ0VSVElGSUNBVEUtLS0tLQpnbG9iYWwKLS0tLS1FTkQgQ0VSVElGSUNBVEUtLS0tLQo=
      caCertificatesExtracted: ""
      caCertificatesMerged:
        global.crt: |
          -----BEGIN CERTIFICATE-----
          global
          -----END CERTIFICATE-----
        override.crt: |
          -----BEGIN CERTIFICATE-----
          global
          -----END CERTIFICATE-----
      clusterAcmName: clusterAcmName-global
      clusterApiURL: clusterApiURL-global
      clusterApiVersions:
        - clusterApiVersions-global
      clusterAppsDomain: clusterAppsDomain-global
      clusterBaseDomain: clusterBaseDomain-global
      clusterIsHub: true
      clusterKubeVersion: clusterKubeVersion-global
      clusterName: clusterName-global
      clusterRunsApps: true
      clusterServices:
        global:
          url: clusterServicesGlobalUrl-global
        override:
          url: clusterServicesOverrideUrl-global
      clusterServicesExtracted: clusterServicesOverrideUrl-global
      clusterServicesMerged:
        global:
          url: clusterServicesGlobalUrl-global
        override:
          url: clusterServicesOverrideUrl-global
      clusterType: clusterType-global
      customer: customer-global
      environment: environment-global
      environmentShort: environmentShort-global
      noProxy: noProxy-global
      proxy: proxy-global
      proxyCIDRs:
        - proxyIP-global
      proxyCIDRsArray:
        - IP: proxyIP-global
      repoTargetRevision: repoTargetRevision-global
      repoURL: repoURL-global
      services:
        certManager:
          defaultClusterIssuer: certManagerDefaultClusterIssuer-global
        crossplane:
          kubeVaultProviderConfigName: crossplaneKubeVaultProviderConfigName-global
        externalSecretsOperator:
          defaultClusterSecretStore: ESODefaultClusterSecretStore-global
        global:
          url: servicesGlobalUrl-global
        metallb:
          namespace: metallbNamespace-global
        quay:
          host: quayHost-global
        vault:
          KVmountPlatform: vaultKVmountPlatform-global
          kubeAuthMountPath: vaultKubeAuthMountPath-global
          name: vaultName-global
          url: vaultUrl-global
      servicesExtracted:
        certManager:
          defaultClusterIssuer: certManagerDefaultClusterIssuer-global
        crossplane:
          kubeVaultProviderConfigName: crossplaneKubeVaultProviderConfigName-global
        externalSecretsOperator:
          defaultClusterSecretStore: ESODefaultClusterSecretStore-global
        metallb:
          namespace: metallbNamespace-global
        quay:
          host: quayHost-global
        vault:
          KVmountPlatform: vaultKVmountPlatform-global
          kubeAuthMountPath: vaultKubeAuthMountPath-global
          name: vaultName-global
          url: vaultUrl-global
      servicesMerged:
        certManager:
          defaultClusterIssuer: certManagerDefaultClusterIssuer-global
        crossplane:
          kubeVaultProviderConfigName: crossplaneKubeVaultProviderConfigName-global
        externalSecretsOperator:
          defaultClusterSecretStore: ESODefaultClusterSecretStore-global
        global:
          url: servicesGlobalUrl-global
        metallb:
          namespace: metallbNamespace-global
        quay:
          host: quayHost-global
        vault:
          KVmountPlatform: vaultKVmountPlatform-global
          kubeAuthMountPath: vaultKubeAuthMountPath-global
          name: vaultName-global
          url: vaultUrl-global
