manifest should match snapshot:
  1: |
    data:
      caCertificates: {}
      caCertificatesMerged: {}
      clusterAcmName: null
      clusterApiURL: null
      clusterApiVersions: []
      clusterAppsDomain: null
      clusterBaseDomain: null
      clusterIsHub: false
      clusterKubeVersion: null
      clusterName: null
      clusterRunsApps: false
      clusterServices: {}
      clusterServicesMerged: {}
      clusterType: null
      customer: null
      environment: null
      environmentShort: null
      noProxy: null
      proxy: null
      proxyIPs: []
      repoTargetRevision: null
      repoURL: null
      services: {}
      servicesMerged: {}
