manifest should match snapshot:
  1: |
    data:
      caCertificates:
        cert-local.crt: |
          -----BEGIN CERTIFICATE-----
          local
          -----END CERTIFICATE-----
        cert.crt: |
          -----BEGIN CERTIFICATE-----
          local
          -----END CERTIFICATE-----
      caCertificatesExtracted: |
        -----BEGIN CERTIFICATE-----
        local
        -----END CERTIFICATE-----
      caCertificatesMerged:
        cert-local.crt: |
          -----BEGIN CERTIFICATE-----
          local
          -----END CERTIFICATE-----
        cert.crt: |
          -----BEGIN CERTIFICATE-----
          local
          -----END CERTIFICATE-----
      clusterAcmName: clusterAcmName-local
      clusterApiURL: clusterApiURL-local
      clusterApiVersions:
        - clusterApiVersions-local
      clusterAppsDomain: clusterAppsDomain-local
      clusterBaseDomain: clusterBaseDomain-local
      clusterIsHub: false
      clusterKubeVersion: clusterKubeVersion-local
      clusterName: clusterName-local
      clusterRunsApps: false
      clusterServices:
        local:
          url: clusterServicesLocalUrl-local
        override:
          url: clusterServicesOverrideUrl-local
      clusterServicesExtracted: clusterServicesOverrideUrl-local
      clusterServicesMerged:
        local:
          url: clusterServicesLocalUrl-local
        override:
          url: clusterServicesOverrideUrl-local
      clusterType: clusterType-local
      customer: customer-local
      environment: environment-local
      environmentShort: environmentShort-local
      noProxy: noProxy-local
      proxy: proxy-local
      proxyIPs:
        - proxyIP-local
      repoTargetRevision: repoTargetRevision-local
      repoURL: repoURL-local
      services:
        local:
          url: servicesLocaltUrl-local
        override:
          url: servicesOverrideUrl-local
      servicesExtracted: servicesOverrideUrl-local
      servicesMerged:
        local:
          url: servicesLocaltUrl-local
        override:
          url: servicesOverrideUrl-local
